I'm sorry, but errors were detected in your script. Please correct the
errors listed below, and try again.


File "game/script.rpy", line 56: expected statement.
    jmup end_game_transition
                            ^

Ren'Py Version: Ren'Py 8.4.0.25071206
Sat Jul 26 19:05:11 2025
